﻿  console.log
    ­ƒº¬ Iniciando pruebas unitarias del servidor...

      at Object.log (tests/setup.js:5:9)

  console.log
    ­ƒôü Configurando ambiente de pruebas...

      at Object.log (tests/setup.js:6:9)

node.exe : FAIL tests/api/inventarios/inve
ntarioFrutaSinProcesar/post_inventarios_in
greso_lote.test.js
At line:1 char:1
+ & "C:\Program Files\nodejs/node.exe" 
"C:\Users\EDWAR\AppData\Roaming\ ...
+ ~~~~~~~~~~~~~~~~~~~~~~~~~~~~~~~~~~~~~~~~
~~~~~~~~~~~~~~~~~~~~~~~~~~~~~
    + CategoryInfo          : NotSpecifie 
   d: (FAIL tests/api/...so_lote.test.js  
  :String) [], RemoteException
    + FullyQualifiedErrorId : NativeComma 
   ndError
 
  ÔùÅ Test suite failed to run

    Jest encountered an unexpected token

    Jest failed to parse a file. This 
happens e.g. when your code or its 
dependencies use non-standard JavaScript 
syntax, or when Jest is not configured to 
support such syntax.

    Out of the box Jest supports Babel, 
which will be used to transform your 
files into valid JS based on your Babel 
configuration.

    By default "node_modules" folder is 
ignored by transformers.

    Here's what you can do:
     ÔÇó If you are trying to use 
ECMAScript Modules, see 
https://jestjs.io/docs/ecmascript-modules 
for how to enable it.
     ÔÇó If you are trying to use 
TypeScript, see https://jestjs.io/docs/get
ting-started#using-typescript
     ÔÇó To have some of your 
"node_modules" files transformed, you can 
specify a custom 
"transformIgnorePatterns" in your config.
     ÔÇó If you need a custom 
transformation, specify a "transform" 
option in your config.
     ÔÇó If you simply want to mock your 
non-JS modules (e.g. binary assets) you 
can stub them out with the 
"moduleNameMapper" config option.

    You'll find more details and examples 
of these config options in the docs:
    https://jestjs.io/docs/configuration
    For information about custom 
transformations, see:
    
https://jestjs.io/docs/code-transformation

    Details:

    D:\trabajo\Celifrut\server_gestor_expo
rtacion\tests\api\inventarios\inventarioFr
utaSinProcesar\post_inventarios_ingreso_lo
te.test.js:1
    import { describe, test, expect, 
beforeEach, afterEach, jest } from 
'@jest/globals';
    ^^^^^^

    SyntaxError: Cannot use import 
statement outside a module

      at Runtime.createScriptFromCode (nod
e_modules/.pnpm/jest-runtime@30.0.2/node_m
odules/jest-runtime/build/index.js:1314:40
)

Test Suites: 1 failed, 1 total
Tests:       0 total
Snapshots:   0 total
Time:        0.252 s
Ran all test suites matching tests/api/inv
entarios/inventarioFrutaSinProcesar/post_i
nventarios_ingreso_lote.test.js.
